2026-09-27 10:34:13.586: [INFO] CurrentProfilePath: C:\Eclipse\calculator\.metadata\.plugins\org.eclipse.swt\EBWebView\Default
2026-09-27 10:34:13.586: [INFO] Profiles total count: 1
2026-09-27 10:34:13.586: [INFO] Profile: name=Profile 1 path=C:\Eclipse\calculator\.metadata\.plugins\org.eclipse.swt\EBWebView\Default lastActive=null
2026-09-27 10:34:13.586: [INFO] LastUsedProfileDir: C:\Eclipse\calculator\.metadata\.plugins\org.eclipse.swt\EBWebView\Default
2026-09-27 10:34:13.586: [INFO] OnDoneLoading sync enabled: 0
2026-09-27 10:34:13.586: [INFO] BookmarkModelLoaded, ids_reassigned: 0
2026-09-27 10:34:13.586: [INFO] BookmarksLoadDropped droppedNodes=0
2026-09-27 10:34:13.586: [INFO] BookmarksSnapshot Startup total=0 bar=0 other=0 mobile=0 showBar=0 showBarNTP=1
2026-09-27 10:34:16.388: [INFO] BookmarksSnapshot Shutdown total=0 bar=0 other=0 mobile=0 showBar=0 showBarNTP=1
2026-09-27 10:34:22.849: [INFO] CurrentProfilePath: C:\Eclipse\calculator\.metadata\.plugins\org.eclipse.swt\EBWebView\Default
2026-09-27 10:34:22.849: [INFO] Profiles total count: 1
2026-09-27 10:34:22.849: [INFO] Profile: name=Profile 1 path=C:\Eclipse\calculator\.metadata\.plugins\org.eclipse.swt\EBWebView\Default lastActive=2026-09-27T10:34:13.945Z
2026-09-27 10:34:22.849: [INFO] LastUsedProfileDir: C:\Eclipse\calculator\.metadata\.plugins\org.eclipse.swt\EBWebView\Default
2026-09-27 10:34:22.849: [INFO] MostRecentlyActiveProfile: name=Profile 1 path=C:\Eclipse\calculator\.metadata\.plugins\org.eclipse.swt\EBWebView\Default lastActive=2026-09-27T10:34:13.945Z
2026-09-27 10:34:22.849: [INFO] OnDoneLoading sync enabled: 0
2026-09-27 10:34:22.849: [INFO] BookmarkModelLoaded, ids_reassigned: 0
2026-09-27 10:34:22.849: [INFO] BookmarksLoadDropped droppedNodes=0
2026-09-27 10:34:22.849: [INFO] BookmarksSnapshot Startup total=0 bar=0 other=0 mobile=0 showBar=0 showBarNTP=1
2026-09-27 10:35:00.980: [INFO] BookmarksSnapshot Shutdown total=0 bar=0 other=0 mobile=0 showBar=0 showBarNTP=1
2026-09-27 10:52:47.262: [INFO] CurrentProfilePath: C:\Eclipse\calculator\.metadata\.plugins\org.eclipse.swt\EBWebView\Default
2026-09-27 10:52:47.262: [INFO] Profiles total count: 1
2026-09-27 10:52:47.263: [INFO] Profile: name=Profile 1 path=C:\Eclipse\calculator\.metadata\.plugins\org.eclipse.swt\EBWebView\Default lastActive=2026-09-27T10:34:43.879Z
2026-09-27 10:52:47.263: [INFO] LastUsedProfileDir: C:\Eclipse\calculator\.metadata\.plugins\org.eclipse.swt\EBWebView\Default
2026-09-27 10:52:47.263: [INFO] MostRecentlyActiveProfile: name=Profile 1 path=C:\Eclipse\calculator\.metadata\.plugins\org.eclipse.swt\EBWebView\Default lastActive=2026-09-27T10:34:43.879Z
2026-09-27 10:52:47.263: [INFO] OnDoneLoading sync enabled: 0
2026-09-27 10:52:47.263: [INFO] BookmarkModelLoaded, ids_reassigned: 0
2026-09-27 10:52:47.263: [INFO] BookmarksLoadDropped droppedNodes=0
2026-09-27 10:52:47.263: [INFO] BookmarksSnapshot Startup total=0 bar=0 other=0 mobile=0 showBar=0 showBarNTP=1
2026-09-27 10:53:01.689: [INFO] BookmarksSnapshot Shutdown total=0 bar=0 other=0 mobile=0 showBar=0 showBarNTP=1
2026-09-27 11:09:01.524: [INFO] CurrentProfilePath: C:\Eclipse\calculator\.metadata\.plugins\org.eclipse.swt\EBWebView\Default
2026-09-27 11:09:01.524: [INFO] Profiles total count: 1
2026-09-27 11:09:01.524: [INFO] Profile: name=Profile 1 path=C:\Eclipse\calculator\.metadata\.plugins\org.eclipse.swt\EBWebView\Default lastActive=2026-09-27T10:34:43.879Z
2026-09-27 11:09:01.524: [INFO] LastUsedProfileDir: C:\Eclipse\calculator\.metadata\.plugins\org.eclipse.swt\EBWebView\Default
2026-09-27 11:09:01.524: [INFO] MostRecentlyActiveProfile: name=Profile 1 path=C:\Eclipse\calculator\.metadata\.plugins\org.eclipse.swt\EBWebView\Default lastActive=2026-09-27T10:34:43.879Z
2026-09-27 11:09:01.524: [INFO] OnDoneLoading sync enabled: 0
2026-09-27 11:09:01.524: [INFO] BookmarkModelLoaded, ids_reassigned: 0
2026-09-27 11:09:01.524: [INFO] BookmarksLoadDropped droppedNodes=0
2026-09-27 11:09:01.524: [INFO] BookmarksSnapshot Startup total=0 bar=0 other=0 mobile=0 showBar=0 showBarNTP=1
2026-09-27 11:09:10.794: [INFO] BookmarksSnapshot Shutdown total=0 bar=0 other=0 mobile=0 showBar=0 showBarNTP=1
